// Jest Snapshot v1, https://goo.gl/fbAQLP

exports[`TheDate Component renders the UI as expected 1`] = `
<div>
  10/22/2020, 11:32:19 AM
</div>
`;
